2026-04-11T21:06:59.806-04:00  INFO 86481 --- [Amazing project] [SpringApplicationShutdownHook] o.s.boot.tomcat.GracefulShutdown         : Commencing graceful shutdown. Waiting for active requests to complete
2026-04-11T21:06:59.820-04:00  INFO 86481 --- [Amazing project] [tomcat-shutdown] o.s.boot.tomcat.GracefulShutdown         : Graceful shutdown complete
2026-04-11T21:07:32.732-04:00  INFO 87542 --- [Amazing project] [main] c.a.project.AmazingProjectApplication    : Starting AmazingProjectApplication using Java 17.0.17 with PID 87542 (/Users/ankitjain/IdeaProjects/AmazingProject/target/classes started by ankitjain in /Users/ankitjain/IdeaProjects/AmazingProject)
2026-04-11T21:07:32.733-04:00  INFO 87542 --- [Amazing project] [main] c.a.project.AmazingProjectApplication    : No active profile set, falling back to 1 default profile: "default"
2026-04-11T21:07:33.035-04:00  INFO 87542 --- [Amazing project] [main] o.s.boot.tomcat.TomcatWebServer          : Tomcat initialized with port 8001 (http)
2026-04-11T21:07:33.039-04:00  INFO 87542 --- [Amazing project] [main] o.apache.catalina.core.StandardService   : Starting service [Tomcat]
2026-04-11T21:07:33.039-04:00  INFO 87542 --- [Amazing project] [main] o.apache.catalina.core.StandardEngine    : Starting Servlet engine: [Apache Tomcat/11.0.15]
2026-04-11T21:07:33.050-04:00  INFO 87542 --- [Amazing project] [main] b.w.c.s.WebApplicationContextInitializer : Root WebApplicationContext: initialization completed in 303 ms
2026-04-11T21:07:33.214-04:00  INFO 87542 --- [Amazing project] [main] o.s.b.a.e.web.EndpointLinksResolver      : Exposing 13 endpoints beneath base path '/actuator'
2026-04-11T21:07:33.234-04:00  INFO 87542 --- [Amazing project] [main] o.s.boot.tomcat.TomcatWebServer          : Tomcat started on port 8001 (http) with context path '/'
2026-04-11T21:07:33.237-04:00  INFO 87542 --- [Amazing project] [main] c.a.project.AmazingProjectApplication    : Started AmazingProjectApplication in 0.697 seconds (process running for 0.963)
2026-04-11T21:07:33.383-04:00  INFO 87542 --- [Amazing project] [RMI TCP Connection(2)-192.168.1.112] o.a.c.c.C.[Tomcat].[localhost].[/]       : Initializing Spring DispatcherServlet 'dispatcherServlet'
2026-04-11T21:07:33.383-04:00  INFO 87542 --- [Amazing project] [RMI TCP Connection(2)-192.168.1.112] o.s.web.servlet.DispatcherServlet        : Initializing Servlet 'dispatcherServlet'
2026-04-11T21:07:33.384-04:00  INFO 87542 --- [Amazing project] [RMI TCP Connection(2)-192.168.1.112] o.s.web.servlet.DispatcherServlet        : Completed initialization in 1 ms
2026-04-11T21:07:42.257-04:00  INFO 87542 --- [Amazing project] [http-nio-8001-exec-1] c.a.project.controllers.HomeController   : getHomeData started
2026-04-11T21:07:46.807-04:00  INFO 87542 --- [Amazing project] [http-nio-8001-exec-3] c.a.project.controllers.HomeController   : getHomeData started
2026-04-11T21:07:47.707-04:00  INFO 87542 --- [Amazing project] [http-nio-8001-exec-4] c.a.project.controllers.HomeController   : getHomeData started
2026-04-11T21:07:50.384-04:00  INFO 87542 --- [Amazing project] [SpringApplicationShutdownHook] o.s.boot.tomcat.GracefulShutdown         : Commencing graceful shutdown. Waiting for active requests to complete
2026-04-11T21:07:50.386-04:00  INFO 87542 --- [Amazing project] [tomcat-shutdown] o.s.boot.tomcat.GracefulShutdown         : Graceful shutdown complete
2026-04-11T21:23:45.500-04:00  INFO 93628 --- [Amazing project] [main] c.a.project.AmazingProjectApplication    : Starting AmazingProjectApplication using Java 17.0.17 with PID 93628 (/Users/ankitjain/IdeaProjects/AmazingProject/target/classes started by ankitjain in /Users/ankitjain/IdeaProjects/AmazingProject)
2026-04-11T21:23:45.501-04:00  INFO 93628 --- [Amazing project] [main] c.a.project.AmazingProjectApplication    : No active profile set, falling back to 1 default profile: "default"
2026-04-11T21:23:45.813-04:00  INFO 93628 --- [Amazing project] [main] o.s.boot.tomcat.TomcatWebServer          : Tomcat initialized with port 8001 (http)
2026-04-11T21:23:45.817-04:00  INFO 93628 --- [Amazing project] [main] o.apache.catalina.core.StandardService   : Starting service [Tomcat]
2026-04-11T21:23:45.817-04:00  INFO 93628 --- [Amazing project] [main] o.apache.catalina.core.StandardEngine    : Starting Servlet engine: [Apache Tomcat/11.0.15]
2026-04-11T21:23:45.829-04:00  INFO 93628 --- [Amazing project] [main] b.w.c.s.WebApplicationContextInitializer : Root WebApplicationContext: initialization completed in 313 ms
2026-04-11T21:23:46.000-04:00  INFO 93628 --- [Amazing project] [main] o.s.b.a.e.web.EndpointLinksResolver      : Exposing 13 endpoints beneath base path '/actuator'
2026-04-11T21:23:46.021-04:00  INFO 93628 --- [Amazing project] [main] o.s.boot.tomcat.TomcatWebServer          : Tomcat started on port 8001 (http) with context path '/'
2026-04-11T21:23:46.024-04:00  INFO 93628 --- [Amazing project] [main] c.a.project.AmazingProjectApplication    : Started AmazingProjectApplication in 0.721 seconds (process running for 0.995)
2026-04-11T21:31:38.720-04:00  INFO 93628 --- [Amazing project] [SpringApplicationShutdownHook] o.s.boot.tomcat.GracefulShutdown         : Commencing graceful shutdown. Waiting for active requests to complete
2026-04-11T21:31:38.729-04:00  INFO 93628 --- [Amazing project] [tomcat-shutdown] o.s.boot.tomcat.GracefulShutdown         : Graceful shutdown complete
2026-04-11T21:34:00.016-04:00  INFO 3430 --- [Amazing project] [main] c.a.project.AmazingProjectApplication    : Starting AmazingProjectApplication using Java 17.0.17 with PID 3430 (/Users/ankitjain/IdeaProjects/AmazingProject/target/classes started by ankitjain in /Users/ankitjain/IdeaProjects/AmazingProject)
2026-04-11T21:34:00.017-04:00  INFO 3430 --- [Amazing project] [main] c.a.project.AmazingProjectApplication    : No active profile set, falling back to 1 default profile: "default"
2026-04-11T21:34:00.398-04:00  INFO 3430 --- [Amazing project] [main] o.s.boot.tomcat.TomcatWebServer          : Tomcat initialized with port 8001 (http)
2026-04-11T21:34:00.403-04:00  INFO 3430 --- [Amazing project] [main] o.apache.catalina.core.StandardService   : Starting service [Tomcat]
2026-04-11T21:34:00.403-04:00  INFO 3430 --- [Amazing project] [main] o.apache.catalina.core.StandardEngine    : Starting Servlet engine: [Apache Tomcat/11.0.15]
2026-04-11T21:34:00.417-04:00  INFO 3430 --- [Amazing project] [main] b.w.c.s.WebApplicationContextInitializer : Root WebApplicationContext: initialization completed in 378 ms
2026-04-11T21:34:00.647-04:00  INFO 3430 --- [Amazing project] [main] o.s.b.a.e.web.EndpointLinksResolver      : Exposing 13 endpoints beneath base path '/actuator'
2026-04-11T21:34:00.670-04:00  INFO 3430 --- [Amazing project] [main] o.s.boot.tomcat.TomcatWebServer          : Tomcat started on port 8001 (http) with context path '/'
2026-04-11T21:34:00.674-04:00  INFO 3430 --- [Amazing project] [main] c.a.project.AmazingProjectApplication    : Started AmazingProjectApplication in 0.857 seconds (process running for 1.172)
2026-04-11T21:34:00.862-04:00  INFO 3430 --- [Amazing project] [RMI TCP Connection(1)-192.168.1.112] o.a.c.c.C.[Tomcat].[localhost].[/]       : Initializing Spring DispatcherServlet 'dispatcherServlet'
2026-04-11T21:34:00.862-04:00  INFO 3430 --- [Amazing project] [RMI TCP Connection(1)-192.168.1.112] o.s.web.servlet.DispatcherServlet        : Initializing Servlet 'dispatcherServlet'
2026-04-11T21:34:00.863-04:00  INFO 3430 --- [Amazing project] [RMI TCP Connection(1)-192.168.1.112] o.s.web.servlet.DispatcherServlet        : Completed initialization in 1 ms
2026-04-11T23:20:26.052-04:00  INFO 3430 --- [Amazing project] [SpringApplicationShutdownHook] o.s.boot.tomcat.GracefulShutdown         : Commencing graceful shutdown. Waiting for active requests to complete
2026-04-11T23:20:26.057-04:00  INFO 3430 --- [Amazing project] [tomcat-shutdown] o.s.boot.tomcat.GracefulShutdown         : Graceful shutdown complete
